---
source: crates/tmt-cli/src/uninstall_command.rs
expression: "report(&plan, &removed, false).to_string()"
---
{"removed":["/prefix/bin/tmt-office","/prefix/lib/tmt-office","/prefix/bin/tmt-ops","/prefix/lib/tmt-ops","/prefix/bin/tmt-remote","/prefix/lib/tmt-remote","/prefix/bin/tmt-colab","/prefix/lib/tmt-colab","/prefix/bin/tmt","/prefix/bin/tmux-team","/prefix/lib/tmux-team"],"kept":[],"officeStopped":false,"data":{"path":"/data/tmux-team","deleted":false}}
