---
source: crates/tmt-cli/src/uninstall_command.rs
expression: "String::from_utf8(output).unwrap()"
---
REMOVE 12
  command  /prefix/bin/tmt-office
  files    /prefix/lib/tmt-office
  command  /prefix/bin/tmt-squad
  command  /prefix/bin/tmt-sq
  files    /prefix/lib/tmt-squad
  command  /prefix/bin/tmt-remote
  files    /prefix/lib/tmt-remote
  command  /prefix/bin/tmt-colab
  files    /prefix/lib/tmt-colab
  command  /prefix/bin/tmt
  command  /prefix/bin/tmux-team
  files    /prefix/lib/tmux-team
